[momask-smoke] data_root=/mnt/projects/drl4cvb/human-motion-representation/data/data/humanml3d_packed
[momask-smoke] clips=128 batch_size=16 device=cuda
[vq 0001] loss=0.35420 recon_mae=0.34617 vq=0.00803 ppl=9.77
[vq 0010] loss=0.34519 recon_mae=0.32577 vq=0.01942 ppl=7.77
[vq 0020] loss=0.36171 recon_mae=0.30134 vq=0.06037 ppl=8.51
[vq 0030] loss=1.08113 recon_mae=0.22252 vq=0.85861 ppl=3.47
[vq 0040] loss=0.21081 recon_mae=0.18839 vq=0.02241 ppl=14.05
[vq 0050] loss=0.20619 recon_mae=0.19221 vq=0.01398 ppl=12.95
[vq 0060] loss=0.21755 recon_mae=0.20364 vq=0.01391 ppl=14.65
[vq 0070] loss=0.17933 recon_mae=0.17144 vq=0.00789 ppl=14.67
[vq 0080] loss=0.17242 recon_mae=0.16951 vq=0.00290 ppl=14.83
[vq 0090] loss=0.20279 recon_mae=0.18316 vq=0.01963 ppl=21.18
[vq 0100] loss=0.24186 recon_mae=0.19539 vq=0.04646 ppl=18.51
[vq 0110] loss=0.19447 recon_mae=0.16296 vq=0.03151 ppl=15.01
[vq 0120] loss=0.25268 recon_mae=0.15443 vq=0.09825 ppl=13.63
[vq 0130] loss=0.21267 recon_mae=0.16794 vq=0.04473 ppl=18.84
[vq 0140] loss=0.20561 recon_mae=0.17897 vq=0.02664 ppl=23.15
[vq 0150] loss=0.15490 recon_mae=0.13957 vq=0.01532 ppl=18.80
[vq 0160] loss=0.14527 recon_mae=0.13432 vq=0.01096 ppl=17.53
[vq 0170] loss=0.17599 recon_mae=0.15543 vq=0.02057 ppl=18.83
[vq 0180] loss=0.21271 recon_mae=0.16237 vq=0.05034 ppl=22.24
[vq 0190] loss=0.16396 recon_mae=0.11900 vq=0.04496 ppl=17.87
[vq 0200] loss=0.12143 recon_mae=0.10883 vq=0.01260 ppl=20.02
[vq 0210] loss=0.14860 recon_mae=0.13473 vq=0.01387 ppl=25.27
[vq 0220] loss=0.16203 recon_mae=0.14736 vq=0.01466 ppl=27.05
[vq 0230] loss=0.12369 recon_mae=0.11042 vq=0.01326 ppl=20.80
[vq 0240] loss=0.11090 recon_mae=0.10443 vq=0.00647 ppl=18.38
[vq 0250] loss=0.15105 recon_mae=0.12961 vq=0.02144 ppl=25.20
[vq 0260] loss=0.17160 recon_mae=0.14110 vq=0.03050 ppl=26.55
[vq 0270] loss=0.14402 recon_mae=0.10934 vq=0.03467 ppl=18.75
[vq 0280] loss=0.11268 recon_mae=0.09998 vq=0.01270 ppl=18.05
[vq 0290] loss=0.14542 recon_mae=0.12181 vq=0.02361 ppl=22.80
[vq 0300] loss=0.15638 recon_mae=0.13132 vq=0.02506 ppl=28.41
[vq 0310] loss=0.11975 recon_mae=0.10045 vq=0.01929 ppl=22.16
[vq 0320] loss=0.10425 recon_mae=0.09686 vq=0.00739 ppl=21.11
[vq 0330] loss=0.13296 recon_mae=0.11425 vq=0.01871 ppl=28.15
[vq 0340] loss=0.15462 recon_mae=0.12325 vq=0.03137 ppl=28.21
[vq 0350] loss=0.15286 recon_mae=0.12710 vq=0.02576 ppl=21.09
[vq 0360] loss=0.13506 recon_mae=0.12351 vq=0.01155 ppl=20.03
[vq 0370] loss=0.12484 recon_mae=0.11129 vq=0.01355 ppl=29.39
[vq 0380] loss=0.13622 recon_mae=0.11950 vq=0.01672 ppl=30.81
[vq 0390] loss=0.10255 recon_mae=0.09393 vq=0.00862 ppl=25.16
[vq 0400] loss=0.09750 recon_mae=0.09153 vq=0.00597 ppl=22.15
[vq 0410] loss=0.12345 recon_mae=0.11191 vq=0.01154 ppl=30.50
[vq 0420] loss=0.12999 recon_mae=0.11886 vq=0.01113 ppl=29.59
[vq 0430] loss=0.09819 recon_mae=0.09166 vq=0.00653 ppl=26.96
[vq 0440] loss=0.09437 recon_mae=0.08943 vq=0.00494 ppl=23.63
[vq 0450] loss=0.14758 recon_mae=0.13199 vq=0.01559 ppl=29.77
[vq 0460] loss=0.12873 recon_mae=0.11543 vq=0.01330 ppl=30.14
[vq 0470] loss=0.10021 recon_mae=0.09202 vq=0.00819 ppl=27.65
[vq 0480] loss=0.09417 recon_mae=0.08915 vq=0.00501 ppl=23.75
[vq 0490] loss=0.11328 recon_mae=0.10567 vq=0.00761 ppl=33.35
[vq 0500] loss=0.12584 recon_mae=0.11396 vq=0.01187 ppl=30.88
[vq 0510] loss=0.09420 recon_mae=0.08816 vq=0.00604 ppl=26.96
[vq 0520] loss=0.09557 recon_mae=0.09013 vq=0.00544 ppl=24.20
[vq 0530] loss=0.11276 recon_mae=0.10454 vq=0.00823 ppl=31.97
[vq 0540] loss=0.12271 recon_mae=0.11098 vq=0.01174 ppl=30.80
[vq 0550] loss=0.09298 recon_mae=0.08638 vq=0.00660 ppl=27.32
[vq 0560] loss=0.09273 recon_mae=0.08813 vq=0.00460 ppl=23.75
[vq 0570] loss=0.10935 recon_mae=0.10291 vq=0.00643 ppl=30.21
[vq 0580] loss=0.15874 recon_mae=0.13679 vq=0.02195 ppl=31.47
[vq 0590] loss=0.09352 recon_mae=0.08710 vq=0.00642 ppl=27.47
[vq 0600] loss=0.09298 recon_mae=0.08775 vq=0.00523 ppl=24.76
[vq 0610] loss=0.10784 recon_mae=0.10137 vq=0.00648 ppl=30.20
[vq 0620] loss=0.11977 recon_mae=0.10676 vq=0.01301 ppl=30.89
[vq 0630] loss=0.09488 recon_mae=0.08741 vq=0.00747 ppl=28.94
[vq 0640] loss=0.09281 recon_mae=0.08852 vq=0.00428 ppl=24.60
[vq 0650] loss=0.11096 recon_mae=0.10133 vq=0.00963 ppl=30.64
[vq 0660] loss=0.15202 recon_mae=0.13451 vq=0.01751 ppl=34.38
[vq 0670] loss=0.09348 recon_mae=0.08752 vq=0.00596 ppl=27.53
[vq 0680] loss=0.09457 recon_mae=0.08916 vq=0.00542 ppl=27.73
[vq 0690] loss=0.10748 recon_mae=0.10069 vq=0.00679 ppl=31.24
[vq 0700] loss=0.11768 recon_mae=0.10621 vq=0.01147 ppl=32.36
[vq 0710] loss=0.09080 recon_mae=0.08459 vq=0.00620 ppl=28.10
[vq 0720] loss=0.09083 recon_mae=0.08648 vq=0.00435 ppl=28.24
[vq 0730] loss=0.13132 recon_mae=0.11778 vq=0.01354 ppl=33.63
[vq 0740] loss=0.11491 recon_mae=0.10528 vq=0.00963 ppl=32.45
[vq 0750] loss=0.09027 recon_mae=0.08416 vq=0.00611 ppl=28.75
[vq 0760] loss=0.09299 recon_mae=0.08731 vq=0.00567 ppl=26.80
[vq 0770] loss=0.10652 recon_mae=0.09976 vq=0.00675 ppl=33.19
[vq 0780] loss=0.11374 recon_mae=0.10328 vq=0.01046 ppl=33.62
[vq 0790] loss=0.08860 recon_mae=0.08216 vq=0.00644 ppl=28.18
[vq 0800] loss=0.09007 recon_mae=0.08492 vq=0.00515 ppl=26.76
[vq 0810] loss=0.10437 recon_mae=0.09710 vq=0.00727 ppl=30.93
[vq 0820] loss=0.11215 recon_mae=0.10255 vq=0.00961 ppl=33.11
[vq 0830] loss=0.08816 recon_mae=0.08220 vq=0.00596 ppl=29.14
[vq 0840] loss=0.09068 recon_mae=0.08474 vq=0.00594 ppl=26.43
[vq 0850] loss=0.10803 recon_mae=0.09789 vq=0.01014 ppl=30.98
[vq 0860] loss=0.11558 recon_mae=0.10676 vq=0.00882 ppl=36.56
[vq 0870] loss=0.08885 recon_mae=0.08182 vq=0.00702 ppl=27.70
[vq 0880] loss=0.09027 recon_mae=0.08412 vq=0.00615 ppl=28.04
[vq 0890] loss=0.10891 recon_mae=0.09899 vq=0.00992 ppl=31.32
[vq 0900] loss=0.11071 recon_mae=0.10186 vq=0.00885 ppl=34.22
[vq 0910] loss=0.08796 recon_mae=0.08118 vq=0.00678 ppl=29.44
[vq 0920] loss=0.09070 recon_mae=0.08426 vq=0.00645 ppl=27.40
[vq 0930] loss=0.10523 recon_mae=0.09676 vq=0.00848 ppl=32.31
[vq 0940] loss=0.11207 recon_mae=0.10384 vq=0.00823 ppl=35.44
[vq 0950] loss=0.09337 recon_mae=0.08452 vq=0.00885 ppl=28.37
[vq 0960] loss=0.09156 recon_mae=0.08494 vq=0.00662 ppl=27.63
[vq 0970] loss=0.10452 recon_mae=0.09647 vq=0.00806 ppl=34.14
[vq 0980] loss=0.12288 recon_mae=0.10666 vq=0.01622 ppl=34.66
[vq 0990] loss=0.08854 recon_mae=0.08111 vq=0.00743 ppl=30.59
[vq 1000] loss=0.08900 recon_mae=0.08253 vq=0.00647 ppl=28.09
[vq summary] first_train_recon_mae=0.34617 eval_recon_mae=0.09585
[tok 0001] loss=8.39163 base_ce=4.09769 residual_ce=4.29394
[tok 0010] loss=7.04500 base_ce=2.93352 residual_ce=4.11148
[tok 0020] loss=6.80744 base_ce=2.60939 residual_ce=4.19805
[tok 0030] loss=5.67655 base_ce=1.77550 residual_ce=3.90106
[tok 0040] loss=5.21709 base_ce=1.29973 residual_ce=3.91736
[tok 0050] loss=4.92359 base_ce=1.32610 residual_ce=3.59749
[tok 0060] loss=4.84165 base_ce=1.03384 residual_ce=3.80781
[tok 0070] loss=4.21127 base_ce=0.73070 residual_ce=3.48057
[tok 0080] loss=4.04157 base_ce=0.53236 residual_ce=3.50921
[tok 0090] loss=4.11057 base_ce=0.85690 residual_ce=3.25368
[tok 0100] loss=4.14518 base_ce=0.66200 residual_ce=3.48317
[tok 0110] loss=3.70809 base_ce=0.51553 residual_ce=3.19256
[tok 0120] loss=3.57930 base_ce=0.40608 residual_ce=3.17321
[tok 0130] loss=3.67046 base_ce=0.65762 residual_ce=3.01283
[tok 0140] loss=3.61055 base_ce=0.46609 residual_ce=3.14447
[tok 0150] loss=3.51403 base_ce=0.62056 residual_ce=2.89347
[tok 0160] loss=3.81245 base_ce=0.88483 residual_ce=2.92762
[tok 0170] loss=3.47611 base_ce=0.76104 residual_ce=2.71507
[tok 0180] loss=3.26023 base_ce=0.53615 residual_ce=2.72408
[tok 0190] loss=3.07238 base_ce=0.48406 residual_ce=2.58831
[tok 0200] loss=3.25961 base_ce=0.47705 residual_ce=2.78256
[tok 0210] loss=3.27283 base_ce=0.76317 residual_ce=2.50967
[tok 0220] loss=2.81828 base_ce=0.40680 residual_ce=2.41149
[tok 0230] loss=2.84192 base_ce=0.44271 residual_ce=2.39921
[tok 0240] loss=2.87403 base_ce=0.35625 residual_ce=2.51778
[tok 0250] loss=2.87417 base_ce=0.49154 residual_ce=2.38263
[tok 0260] loss=2.62698 base_ce=0.40344 residual_ce=2.22354
[tok 0270] loss=2.76299 base_ce=0.57515 residual_ce=2.18784
[tok 0280] loss=2.68669 base_ce=0.35034 residual_ce=2.33635
[tok 0290] loss=2.95360 base_ce=0.70351 residual_ce=2.25008
[tok 0300] loss=2.54187 base_ce=0.35467 residual_ce=2.18720
[tok 0310] loss=2.37375 base_ce=0.35379 residual_ce=2.01996
[tok 0320] loss=2.52421 base_ce=0.36750 residual_ce=2.15671
[tok 0330] loss=2.71347 base_ce=0.64991 residual_ce=2.06356
[tok 0340] loss=2.26694 base_ce=0.43126 residual_ce=1.83568
[tok 0350] loss=2.67055 base_ce=0.76604 residual_ce=1.90452
[tok 0360] loss=2.41429 base_ce=0.33030 residual_ce=2.08400
[tok 0370] loss=2.57190 base_ce=0.62929 residual_ce=1.94261
[tok 0380] loss=2.06115 base_ce=0.20155 residual_ce=1.85960
[tok 0390] loss=2.24734 base_ce=0.48860 residual_ce=1.75874
[tok 0400] loss=2.23734 base_ce=0.32243 residual_ce=1.91491
[tok 0410] loss=2.46043 base_ce=0.58472 residual_ce=1.87571
[tok 0420] loss=1.91747 base_ce=0.28226 residual_ce=1.63522
[tok 0430] loss=2.32045 base_ce=0.62800 residual_ce=1.69245
[tok 0440] loss=2.20979 base_ce=0.37350 residual_ce=1.83629
[tok 0450] loss=2.30624 base_ce=0.54112 residual_ce=1.76512
[tok 0460] loss=1.91832 base_ce=0.30705 residual_ce=1.61128
[tok 0470] loss=2.10899 base_ce=0.48775 residual_ce=1.62124
[tok 0480] loss=2.44156 base_ce=0.64764 residual_ce=1.79392
[tok 0490] loss=2.16742 base_ce=0.42999 residual_ce=1.73743
[tok 0500] loss=1.82524 base_ce=0.33562 residual_ce=1.48961
[tok 0510] loss=1.87867 base_ce=0.35570 residual_ce=1.52296
[tok 0520] loss=2.03752 base_ce=0.36857 residual_ce=1.66895
[tok 0530] loss=2.16494 base_ce=0.54476 residual_ce=1.62018
[tok 0540] loss=2.21203 base_ce=0.79823 residual_ce=1.41380
[tok 0550] loss=1.73030 base_ce=0.22874 residual_ce=1.50155
[tok 0560] loss=2.08063 base_ce=0.41614 residual_ce=1.66449
[tok 0570] loss=2.06215 base_ce=0.52924 residual_ce=1.53291
[tok 0580] loss=1.62010 base_ce=0.22543 residual_ce=1.39467
[tok 0590] loss=1.80544 base_ce=0.41333 residual_ce=1.39210
[tok 0600] loss=1.86839 base_ce=0.33604 residual_ce=1.53235
[tok 0610] loss=1.88583 base_ce=0.39905 residual_ce=1.48678
[tok 0620] loss=1.83131 base_ce=0.49632 residual_ce=1.33499
[tok 0630] loss=1.74715 base_ce=0.41545 residual_ce=1.33170
[tok 0640] loss=2.04493 base_ce=0.55962 residual_ce=1.48532
[tok 0650] loss=2.04041 base_ce=0.65381 residual_ce=1.38661
[tok 0660] loss=1.51260 base_ce=0.24591 residual_ce=1.26669
[tok 0670] loss=1.72180 base_ce=0.38908 residual_ce=1.33272
[tok 0680] loss=1.85805 base_ce=0.42570 residual_ce=1.43236
[tok 0690] loss=1.69582 base_ce=0.32390 residual_ce=1.37191
[tok 0700] loss=1.54987 base_ce=0.28254 residual_ce=1.26734
[tok 0710] loss=1.71419 base_ce=0.42601 residual_ce=1.28818
[tok 0720] loss=1.69113 base_ce=0.31596 residual_ce=1.37517
[tok 0730] loss=1.82154 base_ce=0.48409 residual_ce=1.33745
[tok 0740] loss=1.44037 base_ce=0.26935 residual_ce=1.17102
[tok 0750] loss=1.71588 base_ce=0.48364 residual_ce=1.23223
[tok 0760] loss=1.74859 base_ce=0.39581 residual_ce=1.35278
[tok 0770] loss=1.80739 base_ce=0.54536 residual_ce=1.26203
[tok 0780] loss=1.43893 base_ce=0.27255 residual_ce=1.16637
[tok 0790] loss=1.48474 base_ce=0.32848 residual_ce=1.15626
[tok 0800] loss=1.60298 base_ce=0.30898 residual_ce=1.29400
[tok 0810] loss=1.85106 base_ce=0.62986 residual_ce=1.22119
[tok 0820] loss=1.34429 base_ce=0.24782 residual_ce=1.09646
[tok 0830] loss=1.46526 base_ce=0.34486 residual_ce=1.12040
[tok 0840] loss=1.62515 base_ce=0.37838 residual_ce=1.24676
[tok 0850] loss=1.69672 base_ce=0.53528 residual_ce=1.16144
[tok 0860] loss=1.26187 base_ce=0.21696 residual_ce=1.04491
[tok 0870] loss=1.54994 base_ce=0.42936 residual_ce=1.12058
[tok 0880] loss=1.70440 base_ce=0.42621 residual_ce=1.27819
[tok 0890] loss=1.41037 base_ce=0.30626 residual_ce=1.10411
[tok 0900] loss=1.74937 base_ce=0.70589 residual_ce=1.04348
[tok 0910] loss=1.29410 base_ce=0.22602 residual_ce=1.06808
[tok 0920] loss=1.60275 base_ce=0.32058 residual_ce=1.28217
[tok 0930] loss=1.67470 base_ce=0.56558 residual_ce=1.10912
[tok 0940] loss=1.27368 base_ce=0.25406 residual_ce=1.01962
[tok 0950] loss=2.29260 base_ce=1.24052 residual_ce=1.05208
[tok 0960] loss=1.50326 base_ce=0.28736 residual_ce=1.21590
[tok 0970] loss=1.52337 base_ce=0.47322 residual_ce=1.05015
[tok 0980] loss=1.20184 base_ce=0.23801 residual_ce=0.96383
[tok 0990] loss=1.36610 base_ce=0.35383 residual_ce=1.01227
[tok 1000] loss=1.52393 base_ce=0.39135 residual_ce=1.13258
[generate] tokens=(16, 3, 79) motion=(16, 79, 263) finite=True
