[momask-smoke] data_root=/mnt/projects/drl4cvb/human-motion-representation/data/data/humanml3d_packed
[momask-smoke] clips=256 batch_size=16 device=cuda
[vq 0001] loss=0.35971 recon_mae=0.35177 vq=0.00794 ppl=10.42
[vq 0010] loss=0.34844 recon_mae=0.33425 vq=0.01419 ppl=10.42
[vq 0020] loss=0.33533 recon_mae=0.31798 vq=0.01735 ppl=10.65
[vq 0030] loss=0.38159 recon_mae=0.29465 vq=0.08694 ppl=5.25
[vq 0040] loss=0.95037 recon_mae=0.25678 vq=0.69360 ppl=3.49
[vq 0050] loss=0.58333 recon_mae=0.22601 vq=0.35732 ppl=3.29
[vq 0060] loss=0.23115 recon_mae=0.20991 vq=0.02125 ppl=8.53
[vq 0070] loss=0.22516 recon_mae=0.20300 vq=0.02216 ppl=6.54
[vq 0080] loss=0.18762 recon_mae=0.18043 vq=0.00719 ppl=9.54
[vq 0090] loss=0.20544 recon_mae=0.19770 vq=0.00774 ppl=8.62
[vq 0100] loss=0.19888 recon_mae=0.19231 vq=0.00657 ppl=11.33
[vq 0110] loss=0.17368 recon_mae=0.17026 vq=0.00342 ppl=12.64
[vq 0120] loss=0.18632 recon_mae=0.18137 vq=0.00495 ppl=15.37
[vq 0130] loss=0.19405 recon_mae=0.18944 vq=0.00461 ppl=16.80
[vq 0140] loss=0.18868 recon_mae=0.18429 vq=0.00439 ppl=19.51
[vq 0150] loss=0.18783 recon_mae=0.18454 vq=0.00329 ppl=18.74
[vq 0160] loss=0.17810 recon_mae=0.17448 vq=0.00362 ppl=14.02
[vq 0170] loss=0.19952 recon_mae=0.18901 vq=0.01051 ppl=21.18
[vq 0180] loss=0.20121 recon_mae=0.18553 vq=0.01568 ppl=17.48
[vq 0190] loss=0.18125 recon_mae=0.16050 vq=0.02075 ppl=10.67
[vq 0200] loss=0.20650 recon_mae=0.16765 vq=0.03886 ppl=14.30
[vq 0210] loss=0.27317 recon_mae=0.17127 vq=0.10189 ppl=12.55
[vq 0220] loss=0.24745 recon_mae=0.15434 vq=0.09311 ppl=12.40
[vq 0230] loss=0.18263 recon_mae=0.15608 vq=0.02655 ppl=18.31
[vq 0240] loss=0.16735 recon_mae=0.13759 vq=0.02976 ppl=13.40
[vq 0250] loss=0.20421 recon_mae=0.15363 vq=0.05058 ppl=19.18
[vq 0260] loss=0.20175 recon_mae=0.14490 vq=0.05686 ppl=18.19
[vq 0270] loss=0.20435 recon_mae=0.12495 vq=0.07940 ppl=13.46
[vq 0280] loss=0.18193 recon_mae=0.12827 vq=0.05366 ppl=17.64
[vq 0290] loss=0.15558 recon_mae=0.14315 vq=0.01243 ppl=25.10
[vq 0300] loss=0.14885 recon_mae=0.13306 vq=0.01579 ppl=21.03
[vq 0310] loss=0.15800 recon_mae=0.13667 vq=0.02133 ppl=19.14
[vq 0320] loss=0.12879 recon_mae=0.11408 vq=0.01471 ppl=18.75
[vq 0330] loss=0.15714 recon_mae=0.13400 vq=0.02315 ppl=23.17
[vq 0340] loss=0.14968 recon_mae=0.12772 vq=0.02196 ppl=21.50
[vq 0350] loss=0.16406 recon_mae=0.14260 vq=0.02146 ppl=15.06
[vq 0360] loss=0.18348 recon_mae=0.15197 vq=0.03152 ppl=19.72
[vq 0370] loss=0.15117 recon_mae=0.13004 vq=0.02113 ppl=21.19
[vq 0380] loss=0.15027 recon_mae=0.12483 vq=0.02544 ppl=22.44
[vq 0390] loss=0.15352 recon_mae=0.12666 vq=0.02686 ppl=21.51
[vq 0400] loss=0.12972 recon_mae=0.10660 vq=0.02312 ppl=19.94
[vq 0410] loss=0.17373 recon_mae=0.13544 vq=0.03829 ppl=25.31
[vq 0420] loss=0.14630 recon_mae=0.11716 vq=0.02913 ppl=21.11
[vq 0430] loss=0.11346 recon_mae=0.09967 vq=0.01379 ppl=19.40
[vq 0440] loss=0.12731 recon_mae=0.10901 vq=0.01830 ppl=25.00
[vq 0450] loss=0.17537 recon_mae=0.15394 vq=0.02144 ppl=20.87
[vq 0460] loss=0.13295 recon_mae=0.11595 vq=0.01700 ppl=24.00
[vq 0470] loss=0.13383 recon_mae=0.11830 vq=0.01553 ppl=22.77
[vq 0480] loss=0.11686 recon_mae=0.10331 vq=0.01355 ppl=23.58
[vq 0490] loss=0.14891 recon_mae=0.12313 vq=0.02578 ppl=27.52
[vq 0500] loss=0.13527 recon_mae=0.11298 vq=0.02228 ppl=23.35
[vq 0510] loss=0.10412 recon_mae=0.09648 vq=0.00764 ppl=21.19
[vq 0520] loss=0.11999 recon_mae=0.10476 vq=0.01522 ppl=25.21
[vq 0530] loss=0.12566 recon_mae=0.11246 vq=0.01321 ppl=25.41
[vq 0540] loss=0.12746 recon_mae=0.11206 vq=0.01540 ppl=24.34
[vq 0550] loss=0.12772 recon_mae=0.11633 vq=0.01139 ppl=23.72
[vq 0560] loss=0.11039 recon_mae=0.10110 vq=0.00930 ppl=22.69
[vq 0570] loss=0.13335 recon_mae=0.11795 vq=0.01541 ppl=28.21
[vq 0580] loss=0.16189 recon_mae=0.14351 vq=0.01838 ppl=22.71
[vq 0590] loss=0.10412 recon_mae=0.09574 vq=0.00838 ppl=22.43
[vq 0600] loss=0.11071 recon_mae=0.10215 vq=0.00857 ppl=26.07
[vq 0610] loss=0.12033 recon_mae=0.11048 vq=0.00985 ppl=27.26
[vq 0620] loss=0.12106 recon_mae=0.11016 vq=0.01090 ppl=25.98
[vq 0630] loss=0.13065 recon_mae=0.11733 vq=0.01332 ppl=24.69
[vq 0640] loss=0.10855 recon_mae=0.10079 vq=0.00777 ppl=25.76
[vq 0650] loss=0.13496 recon_mae=0.11737 vq=0.01759 ppl=28.93
[vq 0660] loss=0.15797 recon_mae=0.14014 vq=0.01783 ppl=23.43
[vq 0670] loss=0.10196 recon_mae=0.09416 vq=0.00780 ppl=23.36
[vq 0680] loss=0.10879 recon_mae=0.10082 vq=0.00798 ppl=25.95
[vq 0690] loss=0.11780 recon_mae=0.10858 vq=0.00922 ppl=28.01
[vq 0700] loss=0.11991 recon_mae=0.10895 vq=0.01096 ppl=26.03
[vq 0710] loss=0.12391 recon_mae=0.11420 vq=0.00971 ppl=26.24
[vq 0720] loss=0.10589 recon_mae=0.09775 vq=0.00814 ppl=25.09
[vq 0730] loss=0.16940 recon_mae=0.14486 vq=0.02455 ppl=26.46
[vq 0740] loss=0.11687 recon_mae=0.10695 vq=0.00992 ppl=27.64
[vq 0750] loss=0.09935 recon_mae=0.09258 vq=0.00676 ppl=23.91
[vq 0760] loss=0.11017 recon_mae=0.10019 vq=0.00997 ppl=25.77
[vq 0770] loss=0.11450 recon_mae=0.10627 vq=0.00823 ppl=29.19
[vq 0780] loss=0.11716 recon_mae=0.10623 vq=0.01093 ppl=26.38
[vq 0790] loss=0.12203 recon_mae=0.11270 vq=0.00933 ppl=25.79
[vq 0800] loss=0.10333 recon_mae=0.09533 vq=0.00800 ppl=25.97
[vq 0810] loss=0.12444 recon_mae=0.11163 vq=0.01280 ppl=30.23
[vq 0820] loss=0.11372 recon_mae=0.10555 vq=0.00817 ppl=30.92
[vq 0830] loss=0.09729 recon_mae=0.09111 vq=0.00617 ppl=26.62
[vq 0840] loss=0.10429 recon_mae=0.09737 vq=0.00692 ppl=28.10
[vq 0850] loss=0.11540 recon_mae=0.10624 vq=0.00916 ppl=29.62
[vq 0860] loss=0.11525 recon_mae=0.10466 vq=0.01059 ppl=27.27
[vq 0870] loss=0.12185 recon_mae=0.11287 vq=0.00898 ppl=28.76
[vq 0880] loss=0.10223 recon_mae=0.09437 vq=0.00786 ppl=26.58
[vq 0890] loss=0.12916 recon_mae=0.11419 vq=0.01497 ppl=31.16
[vq 0900] loss=0.11322 recon_mae=0.10536 vq=0.00786 ppl=29.65
[vq 0910] loss=0.09656 recon_mae=0.09086 vq=0.00570 ppl=28.17
[vq 0920] loss=0.10432 recon_mae=0.09752 vq=0.00680 ppl=30.30
[vq 0930] loss=0.11087 recon_mae=0.10331 vq=0.00756 ppl=32.52
[vq 0940] loss=0.11234 recon_mae=0.10354 vq=0.00880 ppl=29.16
[vq 0950] loss=0.12117 recon_mae=0.11201 vq=0.00915 ppl=28.84
[vq 0960] loss=0.10098 recon_mae=0.09394 vq=0.00704 ppl=29.34
[vq 0970] loss=0.12330 recon_mae=0.11119 vq=0.01212 ppl=32.59
[vq 0980] loss=0.11504 recon_mae=0.10597 vq=0.00907 ppl=28.88
[vq 0990] loss=0.09668 recon_mae=0.09079 vq=0.00588 ppl=28.84
[vq 1000] loss=0.10294 recon_mae=0.09646 vq=0.00648 ppl=29.81
[vq 1010] loss=0.11100 recon_mae=0.10279 vq=0.00822 ppl=30.54
[vq 1020] loss=0.11159 recon_mae=0.10258 vq=0.00901 ppl=30.32
[vq 1030] loss=0.12561 recon_mae=0.11417 vq=0.01143 ppl=29.63
[vq 1040] loss=0.10069 recon_mae=0.09385 vq=0.00684 ppl=29.55
[vq 1050] loss=0.12200 recon_mae=0.11039 vq=0.01161 ppl=32.86
[vq 1060] loss=0.11441 recon_mae=0.10571 vq=0.00871 ppl=31.88
[vq 1070] loss=0.12002 recon_mae=0.11005 vq=0.00997 ppl=29.20
[vq 1080] loss=0.12762 recon_mae=0.11535 vq=0.01227 ppl=30.77
[vq 1090] loss=0.11122 recon_mae=0.10249 vq=0.00873 ppl=31.70
[vq 1100] loss=0.11700 recon_mae=0.10503 vq=0.01198 ppl=31.27
[vq 1110] loss=0.11847 recon_mae=0.11062 vq=0.00786 ppl=33.48
[vq 1120] loss=0.10032 recon_mae=0.09316 vq=0.00715 ppl=29.56
[vq 1130] loss=0.12069 recon_mae=0.10959 vq=0.01110 ppl=35.36
[vq 1140] loss=0.11654 recon_mae=0.10668 vq=0.00986 ppl=35.20
[vq 1150] loss=0.10014 recon_mae=0.09187 vq=0.00828 ppl=29.23
[vq 1160] loss=0.10190 recon_mae=0.09580 vq=0.00610 ppl=34.08
[vq 1170] loss=0.10908 recon_mae=0.10178 vq=0.00730 ppl=33.78
[vq 1180] loss=0.11181 recon_mae=0.10194 vq=0.00987 ppl=32.57
[vq 1190] loss=0.11918 recon_mae=0.11065 vq=0.00853 ppl=34.71
[vq 1200] loss=0.10004 recon_mae=0.09237 vq=0.00768 ppl=31.61
[vq 1210] loss=0.12304 recon_mae=0.10861 vq=0.01443 ppl=36.40
[vq 1220] loss=0.11188 recon_mae=0.10312 vq=0.00875 ppl=35.34
[vq 1230] loss=0.09494 recon_mae=0.08893 vq=0.00600 ppl=31.18
[vq 1240] loss=0.10182 recon_mae=0.09502 vq=0.00680 ppl=34.41
[vq 1250] loss=0.10860 recon_mae=0.10107 vq=0.00753 ppl=33.52
[vq 1260] loss=0.11106 recon_mae=0.10104 vq=0.01001 ppl=33.98
[vq 1270] loss=0.11903 recon_mae=0.10932 vq=0.00971 ppl=35.63
[vq 1280] loss=0.09937 recon_mae=0.09160 vq=0.00777 ppl=34.27
[vq 1290] loss=0.12121 recon_mae=0.10715 vq=0.01406 ppl=37.11
[vq 1300] loss=0.13852 recon_mae=0.12044 vq=0.01808 ppl=34.07
[vq 1310] loss=0.09556 recon_mae=0.08904 vq=0.00653 ppl=31.36
[vq 1320] loss=0.10207 recon_mae=0.09426 vq=0.00781 ppl=34.42
[vq 1330] loss=0.10871 recon_mae=0.10054 vq=0.00817 ppl=33.79
[vq 1340] loss=0.11047 recon_mae=0.10061 vq=0.00987 ppl=32.23
[vq 1350] loss=0.11845 recon_mae=0.10852 vq=0.00993 ppl=35.84
[vq 1360] loss=0.09867 recon_mae=0.09099 vq=0.00768 ppl=32.87
[vq 1370] loss=0.12015 recon_mae=0.10496 vq=0.01520 ppl=38.47
[vq 1380] loss=0.11369 recon_mae=0.10261 vq=0.01108 ppl=34.60
[vq 1390] loss=0.09626 recon_mae=0.08922 vq=0.00704 ppl=32.07
[vq 1400] loss=0.10159 recon_mae=0.09282 vq=0.00877 ppl=35.17
[vq 1410] loss=0.10853 recon_mae=0.10005 vq=0.00848 ppl=35.55
[vq 1420] loss=0.10967 recon_mae=0.09888 vq=0.01079 ppl=35.71
[vq 1430] loss=0.11957 recon_mae=0.10738 vq=0.01218 ppl=35.92
[vq 1440] loss=0.12223 recon_mae=0.10723 vq=0.01501 ppl=34.59
[vq 1450] loss=0.12612 recon_mae=0.10749 vq=0.01863 ppl=40.79
[vq 1460] loss=0.11103 recon_mae=0.10032 vq=0.01071 ppl=36.00
[vq 1470] loss=0.09527 recon_mae=0.08752 vq=0.00774 ppl=32.22
[vq 1480] loss=0.10121 recon_mae=0.09229 vq=0.00893 ppl=36.45
[vq 1490] loss=0.10745 recon_mae=0.09917 vq=0.00828 ppl=33.64
[vq 1500] loss=0.10862 recon_mae=0.09791 vq=0.01071 ppl=35.77
[vq 1510] loss=0.11835 recon_mae=0.10504 vq=0.01331 ppl=34.98
[vq 1520] loss=0.09867 recon_mae=0.09020 vq=0.00848 ppl=35.47
[vq 1530] loss=0.11719 recon_mae=0.10159 vq=0.01560 ppl=42.28
[vq 1540] loss=0.11307 recon_mae=0.10036 vq=0.01271 ppl=34.71
[vq 1550] loss=0.09981 recon_mae=0.08927 vq=0.01055 ppl=32.60
[vq 1560] loss=0.10667 recon_mae=0.09459 vq=0.01208 ppl=36.26
[vq 1570] loss=0.10950 recon_mae=0.09988 vq=0.00961 ppl=35.62
[vq 1580] loss=0.10845 recon_mae=0.09726 vq=0.01119 ppl=35.79
[vq 1590] loss=0.11581 recon_mae=0.10351 vq=0.01230 ppl=36.64
[vq 1600] loss=0.09833 recon_mae=0.08930 vq=0.00903 ppl=36.22
[vq 1610] loss=0.11907 recon_mae=0.10092 vq=0.01815 ppl=41.59
[vq 1620] loss=0.11057 recon_mae=0.09866 vq=0.01192 ppl=33.92
[vq 1630] loss=0.09619 recon_mae=0.08685 vq=0.00934 ppl=33.58
[vq 1640] loss=0.10277 recon_mae=0.09112 vq=0.01165 ppl=37.45
[vq 1650] loss=0.10854 recon_mae=0.09840 vq=0.01014 ppl=36.23
[vq 1660] loss=0.10952 recon_mae=0.09722 vq=0.01230 ppl=36.94
[vq 1670] loss=0.11775 recon_mae=0.10328 vq=0.01447 ppl=36.26
[vq 1680] loss=0.09831 recon_mae=0.08904 vq=0.00927 ppl=36.98
[vq 1690] loss=0.11609 recon_mae=0.09903 vq=0.01706 ppl=41.89
[vq 1700] loss=0.10965 recon_mae=0.09794 vq=0.01170 ppl=36.73
[vq 1710] loss=0.09518 recon_mae=0.08610 vq=0.00908 ppl=32.85
[vq 1720] loss=0.09998 recon_mae=0.08960 vq=0.01038 ppl=38.60
[vq 1730] loss=0.10759 recon_mae=0.09782 vq=0.00977 ppl=37.50
[vq 1740] loss=0.10711 recon_mae=0.09601 vq=0.01110 ppl=38.25
[vq 1750] loss=0.11487 recon_mae=0.10135 vq=0.01352 ppl=36.06
[vq 1760] loss=0.09726 recon_mae=0.08831 vq=0.00895 ppl=37.59
[vq 1770] loss=0.11521 recon_mae=0.09951 vq=0.01570 ppl=41.23
[vq 1780] loss=0.11108 recon_mae=0.09852 vq=0.01256 ppl=39.83
[vq 1790] loss=0.09896 recon_mae=0.08746 vq=0.01150 ppl=34.14
[vq 1800] loss=0.10122 recon_mae=0.08967 vq=0.01155 ppl=40.83
[vq 1810] loss=0.13326 recon_mae=0.11375 vq=0.01951 ppl=35.94
[vq 1820] loss=0.10881 recon_mae=0.09611 vq=0.01271 ppl=37.87
[vq 1830] loss=0.11577 recon_mae=0.10112 vq=0.01465 ppl=35.00
[vq 1840] loss=0.09758 recon_mae=0.08800 vq=0.00958 ppl=37.89
[vq 1850] loss=0.11273 recon_mae=0.09690 vq=0.01583 ppl=42.31
[vq 1860] loss=0.10773 recon_mae=0.09629 vq=0.01145 ppl=35.25
[vq 1870] loss=0.09490 recon_mae=0.08495 vq=0.00996 ppl=34.38
[vq 1880] loss=0.09990 recon_mae=0.08845 vq=0.01145 ppl=39.40
[vq 1890] loss=0.10819 recon_mae=0.09720 vq=0.01099 ppl=37.29
[vq 1900] loss=0.10885 recon_mae=0.09555 vq=0.01329 ppl=36.92
[vq 1910] loss=0.11490 recon_mae=0.09966 vq=0.01524 ppl=38.41
[vq 1920] loss=0.09884 recon_mae=0.08771 vq=0.01113 ppl=38.37
[vq 1930] loss=0.11106 recon_mae=0.09616 vq=0.01490 ppl=43.90
[vq 1940] loss=0.10864 recon_mae=0.09569 vq=0.01295 ppl=35.32
[vq 1950] loss=0.09558 recon_mae=0.08515 vq=0.01042 ppl=36.00
[vq 1960] loss=0.10089 recon_mae=0.08859 vq=0.01229 ppl=40.10
[vq 1970] loss=0.10806 recon_mae=0.09664 vq=0.01142 ppl=38.89
[vq 1980] loss=0.13256 recon_mae=0.11018 vq=0.02238 ppl=39.89
[vq 1990] loss=0.11534 recon_mae=0.09909 vq=0.01625 ppl=38.87
[vq 2000] loss=0.09829 recon_mae=0.08697 vq=0.01132 ppl=37.73
[vq summary] first_train_recon_mae=0.35177 eval_recon_mae=0.10538
[tok 0001] loss=8.71524 base_ce=4.53937 residual_ce=4.17588
[tok 0010] loss=7.85263 base_ce=3.54318 residual_ce=4.30945
[tok 0020] loss=7.13704 base_ce=2.99834 residual_ce=4.13871
[tok 0030] loss=6.30768 base_ce=2.12041 residual_ce=4.18726
[tok 0040] loss=6.11855 base_ce=2.05582 residual_ce=4.06273
[tok 0050] loss=5.65737 base_ce=1.51900 residual_ce=4.13837
[tok 0060] loss=5.98158 base_ce=1.89168 residual_ce=4.08990
[tok 0070] loss=5.51921 base_ce=1.41610 residual_ce=4.10311
[tok 0080] loss=5.49072 base_ce=1.40413 residual_ce=4.08659
[tok 0090] loss=5.61468 base_ce=1.52221 residual_ce=4.09247
[tok 0100] loss=4.94886 base_ce=1.07900 residual_ce=3.86986
[tok 0110] loss=4.63165 base_ce=0.74046 residual_ce=3.89119
[tok 0120] loss=4.64322 base_ce=0.73445 residual_ce=3.90877
[tok 0130] loss=4.64568 base_ce=0.70850 residual_ce=3.93718
[tok 0140] loss=4.96690 base_ce=1.08640 residual_ce=3.88049
[tok 0150] loss=4.67064 base_ce=0.71187 residual_ce=3.95877
[tok 0160] loss=4.76654 base_ce=0.91356 residual_ce=3.85297
[tok 0170] loss=4.89763 base_ce=0.90709 residual_ce=3.99054
[tok 0180] loss=4.63410 base_ce=0.96270 residual_ce=3.67140
[tok 0190] loss=4.37664 base_ce=0.67917 residual_ce=3.69747
[tok 0200] loss=4.34751 base_ce=0.60212 residual_ce=3.74539
[tok 0210] loss=4.25814 base_ce=0.54895 residual_ce=3.70919
[tok 0220] loss=4.60109 base_ce=0.86876 residual_ce=3.73232
[tok 0230] loss=4.75179 base_ce=0.95934 residual_ce=3.79245
[tok 0240] loss=4.31353 base_ce=0.65488 residual_ce=3.65865
[tok 0250] loss=4.36193 base_ce=0.55658 residual_ce=3.80535
[tok 0260] loss=3.93236 base_ce=0.48734 residual_ce=3.44503
[tok 0270] loss=3.75172 base_ce=0.33432 residual_ce=3.41740
[tok 0280] loss=3.88336 base_ce=0.37804 residual_ce=3.50532
[tok 0290] loss=3.79020 base_ce=0.36977 residual_ce=3.42043
[tok 0300] loss=4.47888 base_ce=0.92314 residual_ce=3.55574
[tok 0310] loss=4.03831 base_ce=0.47736 residual_ce=3.56095
[tok 0320] loss=4.44463 base_ce=0.98670 residual_ce=3.45792
[tok 0330] loss=4.60513 base_ce=0.95272 residual_ce=3.65241
[tok 0340] loss=3.52854 base_ce=0.32999 residual_ce=3.19855
[tok 0350] loss=3.76453 base_ce=0.55782 residual_ce=3.20672
[tok 0360] loss=4.09609 base_ce=0.78903 residual_ce=3.30706
[tok 0370] loss=3.97698 base_ce=0.78003 residual_ce=3.19696
[tok 0380] loss=4.09462 base_ce=0.77231 residual_ce=3.32232
[tok 0390] loss=3.92418 base_ce=0.53754 residual_ce=3.38664
[tok 0400] loss=4.56799 base_ce=1.28600 residual_ce=3.28199
[tok 0410] loss=4.02175 base_ce=0.55116 residual_ce=3.47059
[tok 0420] loss=3.49002 base_ce=0.45130 residual_ce=3.03872
[tok 0430] loss=3.38523 base_ce=0.36422 residual_ce=3.02101
[tok 0440] loss=3.87216 base_ce=0.72455 residual_ce=3.14761
[tok 0450] loss=3.54139 base_ce=0.50565 residual_ce=3.03574
[tok 0460] loss=3.88888 base_ce=0.72049 residual_ce=3.16839
[tok 0470] loss=3.72804 base_ce=0.53799 residual_ce=3.19005
[tok 0480] loss=3.97987 base_ce=0.86477 residual_ce=3.11510
[tok 0490] loss=4.02142 base_ce=0.75148 residual_ce=3.26994
[tok 0500] loss=3.43978 base_ce=0.62289 residual_ce=2.81689
[tok 0510] loss=3.29018 base_ce=0.44450 residual_ce=2.84567
[tok 0520] loss=3.38632 base_ce=0.39300 residual_ce=2.99332
[tok 0530] loss=3.24571 base_ce=0.44661 residual_ce=2.79911
[tok 0540] loss=3.88566 base_ce=0.88909 residual_ce=2.99657
[tok 0550] loss=3.39020 base_ce=0.38970 residual_ce=3.00050
[tok 0560] loss=3.80725 base_ce=0.85898 residual_ce=2.94828
[tok 0570] loss=3.63287 base_ce=0.55848 residual_ce=3.07439
[tok 0580] loss=3.24879 base_ce=0.52862 residual_ce=2.72017
[tok 0590] loss=3.10692 base_ce=0.37281 residual_ce=2.73411
[tok 0600] loss=3.32470 base_ce=0.51196 residual_ce=2.81273
[tok 0610] loss=2.99973 base_ce=0.35986 residual_ce=2.63987
[tok 0620] loss=3.75217 base_ce=0.84478 residual_ce=2.90739
[tok 0630] loss=3.35567 base_ce=0.51087 residual_ce=2.84480
[tok 0640] loss=3.59944 base_ce=0.79283 residual_ce=2.80661
[tok 0650] loss=3.58719 base_ce=0.68487 residual_ce=2.90231
[tok 0660] loss=2.87509 base_ce=0.40831 residual_ce=2.46678
[tok 0670] loss=2.83165 base_ce=0.24266 residual_ce=2.58899
[tok 0680] loss=3.15013 base_ce=0.47399 residual_ce=2.67615
[tok 0690] loss=3.48347 base_ce=0.94686 residual_ce=2.53661
[tok 0700] loss=3.42680 base_ce=0.72065 residual_ce=2.70615
[tok 0710] loss=3.12373 base_ce=0.56734 residual_ce=2.55639
[tok 0720] loss=3.43419 base_ce=0.79093 residual_ce=2.64326
[tok 0730] loss=3.34584 base_ce=0.56827 residual_ce=2.77757
[tok 0740] loss=3.00348 base_ce=0.60822 residual_ce=2.39526
[tok 0750] loss=2.69396 base_ce=0.18573 residual_ce=2.50823
[tok 0760] loss=3.09697 base_ce=0.54439 residual_ce=2.55259
[tok 0770] loss=2.93389 base_ce=0.57328 residual_ce=2.36061
[tok 0780] loss=3.20728 base_ce=0.64229 residual_ce=2.56499
[tok 0790] loss=3.21755 base_ce=0.77608 residual_ce=2.44146
[tok 0800] loss=3.29111 base_ce=0.80556 residual_ce=2.48555
[tok 0810] loss=3.39133 base_ce=0.80444 residual_ce=2.58689
[tok 0820] loss=2.77762 base_ce=0.49558 residual_ce=2.28204
[tok 0830] loss=2.63816 base_ce=0.28138 residual_ce=2.35679
[tok 0840] loss=2.91175 base_ce=0.48435 residual_ce=2.42739
[tok 0850] loss=3.00279 base_ce=0.67612 residual_ce=2.32667
[tok 0860] loss=3.01506 base_ce=0.56608 residual_ce=2.44898
[tok 0870] loss=2.85555 base_ce=0.56857 residual_ce=2.28698
[tok 0880] loss=3.18357 base_ce=0.81948 residual_ce=2.36409
[tok 0890] loss=3.09529 base_ce=0.55351 residual_ce=2.54178
[tok 0900] loss=2.63917 base_ce=0.42402 residual_ce=2.21514
[tok 0910] loss=2.48596 base_ce=0.26322 residual_ce=2.22275
[tok 0920] loss=3.02801 base_ce=0.73370 residual_ce=2.29431
[tok 0930] loss=2.59121 base_ce=0.41942 residual_ce=2.17179
[tok 0940] loss=3.11727 base_ce=0.84073 residual_ce=2.27654
[tok 0950] loss=3.12566 base_ce=0.85372 residual_ce=2.27194
[tok 0960] loss=3.18797 base_ce=0.96484 residual_ce=2.22313
[tok 0970] loss=3.15565 base_ce=0.71213 residual_ce=2.44352
[tok 0980] loss=2.54470 base_ce=0.41802 residual_ce=2.12668
[tok 0990] loss=2.38835 base_ce=0.29663 residual_ce=2.09172
[tok 1000] loss=2.66069 base_ce=0.47150 residual_ce=2.18919
[tok 1010] loss=2.71492 base_ce=0.62582 residual_ce=2.08910
[tok 1020] loss=2.73315 base_ce=0.53610 residual_ce=2.19704
[tok 1030] loss=2.93764 base_ce=0.81915 residual_ce=2.11849
[tok 1040] loss=3.08333 base_ce=0.97438 residual_ce=2.10895
[tok 1050] loss=2.63286 base_ce=0.37823 residual_ce=2.25463
[tok 1060] loss=2.45994 base_ce=0.45745 residual_ce=2.00249
[tok 1070] loss=2.48295 base_ce=0.44553 residual_ce=2.03742
[tok 1080] loss=2.50603 base_ce=0.42852 residual_ce=2.07751
[tok 1090] loss=2.82568 base_ce=0.82280 residual_ce=2.00289
[tok 1100] loss=3.09635 base_ce=1.08402 residual_ce=2.01233
[tok 1110] loss=2.57954 base_ce=0.56657 residual_ce=2.01297
[tok 1120] loss=2.65218 base_ce=0.61160 residual_ce=2.04058
[tok 1130] loss=3.07283 base_ce=0.90990 residual_ce=2.16293
[tok 1140] loss=2.28519 base_ce=0.40593 residual_ce=1.87926
[tok 1150] loss=2.49104 base_ce=0.54582 residual_ce=1.94523
[tok 1160] loss=2.28699 base_ce=0.31542 residual_ce=1.97157
[tok 1170] loss=2.74084 base_ce=0.77679 residual_ce=1.96405
[tok 1180] loss=2.97096 base_ce=0.96214 residual_ce=2.00882
[tok 1190] loss=2.38242 base_ce=0.45968 residual_ce=1.92274
[tok 1200] loss=2.68559 base_ce=0.74934 residual_ce=1.93625
[tok 1210] loss=2.53984 base_ce=0.48388 residual_ce=2.05596
[tok 1220] loss=2.33576 base_ce=0.48102 residual_ce=1.85474
[tok 1230] loss=2.12467 base_ce=0.26033 residual_ce=1.86434
[tok 1240] loss=2.25746 base_ce=0.40991 residual_ce=1.84754
[tok 1250] loss=2.42507 base_ce=0.55193 residual_ce=1.87314
[tok 1260] loss=2.63228 base_ce=0.72365 residual_ce=1.90864
[tok 1270] loss=2.29566 base_ce=0.48044 residual_ce=1.81522
[tok 1280] loss=2.75604 base_ce=0.86748 residual_ce=1.88856
[tok 1290] loss=2.52001 base_ce=0.58738 residual_ce=1.93263
[tok 1300] loss=2.19516 base_ce=0.32944 residual_ce=1.86572
[tok 1310] loss=2.07109 base_ce=0.29882 residual_ce=1.77227
[tok 1320] loss=2.22971 base_ce=0.37175 residual_ce=1.85797
[tok 1330] loss=2.15313 base_ce=0.41022 residual_ce=1.74291
[tok 1340] loss=2.62139 base_ce=0.78227 residual_ce=1.83912
[tok 1350] loss=2.24602 base_ce=0.53012 residual_ce=1.71591
[tok 1360] loss=2.56432 base_ce=0.76535 residual_ce=1.79897
[tok 1370] loss=2.61188 base_ce=0.66695 residual_ce=1.94493
[tok 1380] loss=2.10628 base_ce=0.37143 residual_ce=1.73485
[tok 1390] loss=1.96176 base_ce=0.27125 residual_ce=1.69051
[tok 1400] loss=2.31664 base_ce=0.50577 residual_ce=1.81087
[tok 1410] loss=2.16844 base_ce=0.49947 residual_ce=1.66897
[tok 1420] loss=2.45998 base_ce=0.67976 residual_ce=1.78021
[tok 1430] loss=2.16543 base_ce=0.48476 residual_ce=1.68067
[tok 1440] loss=2.55047 base_ce=0.77791 residual_ce=1.77256
[tok 1450] loss=2.30252 base_ce=0.51074 residual_ce=1.79178
[tok 1460] loss=2.09760 base_ce=0.47381 residual_ce=1.62380
[tok 1470] loss=1.82214 base_ce=0.14318 residual_ce=1.67897
[tok 1480] loss=2.63305 base_ce=0.91529 residual_ce=1.71777
[tok 1490] loss=1.96446 base_ce=0.34619 residual_ce=1.61827
[tok 1500] loss=2.19704 base_ce=0.50516 residual_ce=1.69188
[tok 1510] loss=2.26524 base_ce=0.70831 residual_ce=1.55693
[tok 1520] loss=2.56798 base_ce=0.78723 residual_ce=1.78075
[tok 1530] loss=2.28396 base_ce=0.56857 residual_ce=1.71539
[tok 1540] loss=1.97998 base_ce=0.41481 residual_ce=1.56517
[tok 1550] loss=2.04318 base_ce=0.39721 residual_ce=1.64596
[tok 1560] loss=1.92207 base_ce=0.28697 residual_ce=1.63509
[tok 1570] loss=2.01623 base_ce=0.44904 residual_ce=1.56719
[tok 1580] loss=2.15780 base_ce=0.51308 residual_ce=1.64472
[tok 1590] loss=2.00248 base_ce=0.47157 residual_ce=1.53091
[tok 1600] loss=2.10056 base_ce=0.47237 residual_ce=1.62819
[tok 1610] loss=2.57000 base_ce=0.94257 residual_ce=1.62743
[tok 1620] loss=2.08846 base_ce=0.42319 residual_ce=1.66527
[tok 1630] loss=2.10862 base_ce=0.44814 residual_ce=1.66047
[tok 1640] loss=1.94295 base_ce=0.35649 residual_ce=1.58646
[tok 1650] loss=1.98658 base_ce=0.48423 residual_ce=1.50235
[tok 1660] loss=2.09753 base_ce=0.53799 residual_ce=1.55954
[tok 1670] loss=1.90613 base_ce=0.47147 residual_ce=1.43466
[tok 1680] loss=2.41968 base_ce=0.77976 residual_ce=1.63993
[tok 1690] loss=2.39324 base_ce=0.71028 residual_ce=1.68296
[tok 1700] loss=1.94701 base_ce=0.37275 residual_ce=1.57426
[tok 1710] loss=1.82166 base_ce=0.26332 residual_ce=1.55834
[tok 1720] loss=1.98680 base_ce=0.44071 residual_ce=1.54608
[tok 1730] loss=1.86979 base_ce=0.37767 residual_ce=1.49212
[tok 1740] loss=2.41031 base_ce=0.90738 residual_ce=1.50292
[tok 1750] loss=2.10206 base_ce=0.67127 residual_ce=1.43079
[tok 1760] loss=2.45168 base_ce=0.90292 residual_ce=1.54877
[tok 1770] loss=2.01533 base_ce=0.43878 residual_ce=1.57655
[tok 1780] loss=2.14159 base_ce=0.67539 residual_ce=1.46620
[tok 1790] loss=1.74763 base_ce=0.20478 residual_ce=1.54284
[tok 1800] loss=1.89036 base_ce=0.38100 residual_ce=1.50936
[tok 1810] loss=2.08807 base_ce=0.60770 residual_ce=1.48037
[tok 1820] loss=2.07658 base_ce=0.63436 residual_ce=1.44222
[tok 1830] loss=2.05431 base_ce=0.59258 residual_ce=1.46173
[tok 1840] loss=2.58639 base_ce=1.06403 residual_ce=1.52235
[tok 1850] loss=2.16883 base_ce=0.63030 residual_ce=1.53853
[tok 1860] loss=1.86260 base_ce=0.36472 residual_ce=1.49788
[tok 1870] loss=1.71328 base_ce=0.27344 residual_ce=1.43984
[tok 1880] loss=1.82857 base_ce=0.31214 residual_ce=1.51644
[tok 1890] loss=2.04033 base_ce=0.60106 residual_ce=1.43926
[tok 1900] loss=2.15236 base_ce=0.69609 residual_ce=1.45627
[tok 1910] loss=1.69910 base_ce=0.36134 residual_ce=1.33776
[tok 1920] loss=2.07673 base_ce=0.62998 residual_ce=1.44675
[tok 1930] loss=2.01161 base_ce=0.53535 residual_ce=1.47627
[tok 1940] loss=1.64208 base_ce=0.25370 residual_ce=1.38839
[tok 1950] loss=1.62429 base_ce=0.22265 residual_ce=1.40164
[tok 1960] loss=1.84225 base_ce=0.40517 residual_ce=1.43707
[tok 1970] loss=1.78466 base_ce=0.42130 residual_ce=1.36336
[tok 1980] loss=2.07415 base_ce=0.71883 residual_ce=1.35532
[tok 1990] loss=1.68222 base_ce=0.40754 residual_ce=1.27469
[tok 2000] loss=1.94787 base_ce=0.50479 residual_ce=1.44308
[generate] tokens=(16, 3, 79) motion=(16, 79, 263) finite=True
